! 3M Material Data
! Copyright 3M Company
! IMPORTANT NOTICE: The technical information, guidance, and
! other statements contained in this document or otherwise
! provided by 3M are based upon records, tests, or experience
! that 3M believes to be reliable, but the accuracy,
! completeness, and representative nature of such information
! is not guaranteed. Such information is intended for people
! with knowledge and technical skills sufficient to assess and
! apply their own informed judgment to the information. No
! license under any 3M or third party intellectual property
! rights is granted or implied with this information.
! 
! PRODUCT SELECTION AND USE: Many factors beyond 3Ms control
! and uniquely within users knowledge and control can affect
! the use and performance of a 3M product in a particular
! application. As a result, customer is solely responsible for
! evaluating the product and determining whether it is
! appropriate and suitable for customers application,
! including conducting a workplace hazard assessment and
! reviewing all applicable regulations and standards (e.g.,
! OSHA, ANSI, etc.). Failure to properly evaluate, select, and
! use a 3M product and appropriate safety products, or to meet
! all applicable safety regulations, may result in injury,
! sickness, death, and/or harm to property.
! 
! WARRANTY, LIMITED REMEDY, AND DISCLAIMER: Unless a different
! warranty is specifically stated on the applicable 3M product
! packaging or product literature (in which case such warranty
! governs), 3M warrants that each 3M product meets the
! applicable 3M product specification at the time 3M ships the
! product.
! 
! 3M MAKES NO OTHER WARRANTIES OR CONDITIONS, EXPRESS OR
! IMPLIED, INCLUDING, BUT NOT LIMITED TO, ANY IMPLIED WARRANTY
! OR CONDITION OF MERCHANTABILITY, FITNESS FOR A PARTICULAR
! PURPOSE, OR ARISING OUT OF A COURSE OF DEALING, CUSTOM, OR
! USAGE OF TRADE. If a 3M product does not conform to this
! warranty, then the sole and exclusive remedy is, at 3Ms
! option, replacement of the 3M product or refund of the
! purchase price.
! 
! LIMITATION OF LIABILITY: Except for the limited remedy
! stated above, and except to the extent prohibited by law, 3M
! will not be liable for any loss or damage arising from or
! related to the 3M product, whether direct, indirect,
! special, incidental, or consequential (including, but not
! limited to, lost profits or business opportunity),
! regardless of the legal or equitable theory asserted,
! including, but not limited to, warranty, contract,
! negligence, or strict liability.
! 
! Verification Code: a6bb02e3094cfa687489c3774cd58a2e7327e9ff9500f2ec59950c6271cd22bb
! 
! Material model exported at 20:56 on 2021-01-28
!
! q800
! Unit system: mm-N-s
!
! Note that the material ID (matId) must be modified, as appropriate
!
*GET,matMx,MAT,,NUM,MAX
matId = matMx + 1
MP,DENS,matId, 1.000000000e-09
MP,  EX,matId, 1.494847703e+03
MP,PRXY,matId, 4.900000000e-01
TB,PRONY,matId,,15,SHEAR
TBDATA, 1, 3.681170656e-02, 1.000000000e-05
TBDATA, 3, 3.242275168e-02, 1.359356391e-04
TBDATA, 5, 3.367130017e-02, 1.847849797e-03
TBDATA, 7, 2.893796462e-02, 2.511886432e-02
TBDATA, 9, 3.724859257e-02, 3.414548874e-01
TBDATA,11, 4.024100111e-02, 4.641588834e+00
TBDATA,13, 6.232517205e-01, 6.309573445e+01
TBDATA,15, 1.260117036e-01, 8.576958986e+02
TBDATA,17, 3.293743501e-02, 1.165914401e+04
TBDATA,19, 2.617087998e-03, 1.584893192e+05
TBDATA,21, 6.919007962e-04, 2.154434690e+06
TBDATA,23, 5.155296898e-04, 2.928644565e+07
TBDATA,25, 3.007332704e-04, 3.981071706e+08
TBDATA,27, 2.288442372e-04, 5.411695265e+09
TBDATA,29, 2.543354377e-04, 7.356422545e+10
